Starting the logger (C:\Users\jose.cardenas\AppData\Local\Android\Sdk/platform-tools/adb logcat *:S ReactNative:V ReactNativeJS:V)...
--------- beginning of main
--------- beginning of system
11-13 17:48:30.230  3138  3162 D ReactNative: ReactInstanceManager.createReactContext()
11-13 17:48:30.290  3138  3162 D ReactNative: Initializing React Xplat Bridge.
11-13 17:48:30.292  3138  3162 D ReactNative: Initializing React Xplat Bridge before initializeBridge
11-13 17:48:30.297  3138  3162 D ReactNative: Initializing React Xplat Bridge after initializeBridge
11-13 17:48:30.297  3138  3162 D ReactNative: CatalystInstanceImpl.runJSBundle()
11-13 17:48:30.297  3138  3166 D ReactNative: ReactInstanceManager.setupReactContext()
11-13 17:48:30.297  3138  3166 D ReactNative: CatalystInstanceImpl.initialize()
11-13 17:48:30.298  3138  3166 D ReactNative: ReactInstanceManager.attachRootViewToInstance()
11-13 17:48:30.681  3138  3165 I ReactNativeJS: Running application "ReduxApp" with appParams: {"rootTag":1}. __DEV__ === true, development-level warning are ON, performance optimizations are OFF
11-13 17:48:30.736  3138  3165 E ReactNativeJS: TypeError: undefined is not an object (evaluating 'props.carItems.length')
11-13 17:48:30.736  3138  3165 E ReactNativeJS: 
11-13 17:48:30.736  3138  3165 E ReactNativeJS: This error is located at:
11-13 17:48:30.736  3138  3165 E ReactNativeJS:     in ShoppingCartIcon (at withNavigation.js:22)
11-13 17:48:30.736  3138  3165 E ReactNativeJS:     in withNavigation(ShoppingCartIcon) (created by Connect(withNavigation(ShoppingCartIcon)))
11-13 17:48:30.736  3138  3165 E ReactNativeJS:     in Connect(withNavigation(ShoppingCartIcon)) (at navigator.js:19)
11-13 17:48:30.736  3138  3165 E ReactNativeJS:     in RCTView (at View.js:44)
11-13 17:48:30.736  3138  3165 E ReactNativeJS:     in AnimatedComponent (at Header.js:298)
11-13 17:48:30.736  3138  3165 E ReactNativeJS:     in RCTView (at View.js:44)
11-13 17:48:30.736  3138  3165 E ReactNativeJS:     in RCTView (at View.js:44)
11-13 17:48:30.736  3138  3165 E ReactNativeJS:     in RCTView (at View.js:44)
11-13 17:48:30.736  3138  3165 E ReactNativeJS:     in AnimatedComponent (at react-native-safe-area-view/index.js:134)
11-13 17:48:30.736  3138  3165 E ReactNativeJS:     in SafeView (at withOrientation.js:54)
11-13 17:48:30.736  3138  3165 E ReactNativeJS:     in withOrientation (at Header.js:433)
11-13 17:48:30.736  3138  3165 E ReactNativeJS:     in RCTView (at View.js:44)
11-13 17:48:30.736  3138  3165 E ReactNativeJS:     in AnimatedComponent (at Header.js:430)
11-13 17:48:30.736  3138  3165 E ReactNativeJS:     in Header (at withOrientation.js:30)
11-13 17:48:30.736  3138  3165 E ReactNativeJS:     in withOrientation (at StackViewLayout.js:129)
11-13 17:48:30.736  3138  3165 E ReactNativeJS:     in RCTView (at View.js:44)
11-13 17:48:30.736  3138  3165 E ReactNativeJS:     in RCTView (at View.js:44)
11-13 17:48:30.736  3138  3165 E ReactNativeJS:     in AnimatedComponent (at screens.native.js:58)
11-13 17:48:30.736  3138  3165 E ReactNativeJS:     in Screen (at StackViewCard.js:42)
11-13 17:48:30.736  3138  3165 E ReactNativeJS:     in Card (at createPointerEventsContainer.js:26)
11-13 17:48:30.736  3138  3165 E ReactNativeJS:     in Container (at StackViewLayout.js:507)
11-13 17:48:30.736  3138  3165 E ReactNativeJS:     in RCTView (at View.js:44)
11-13 17:48:30.736  3138  3165 E ReactNativeJS:     in ScreenContainer (at StackViewLayout.js:401)
11-13 17:48:30.736  3138  3165 E ReactNativeJS:     in RCTView (at View.js:44)
11-13 17:48:30.736  3138  3165 E ReactNativeJS:     in StackViewLayout (at withOrientation.js:30)
11-13 17:48:30.736  3138  3165 E ReactNativeJS:     in withOrientation (at StackView.js:49)
11-13 17:48:30.736  3138  3165 E ReactNativeJS:     in RCTView (at View.js:44)
11-13 17:48:30.736  3138  3165 E ReactNativeJS:     in Transitioner (at StackView.js:19)
11-13 17:48:30.736  3138  3165 E ReactNativeJS:     in StackView (at createNavigator.js:57)
11-13 17:48:30.736  3138  3165 E ReactNativeJS:     in Navigator (at createKeyboardAwareNavigator.js:11)
11-13 17:48:30.736  3138  3165 E ReactNativeJS:     in KeyboardAwareNavigator (at createNavigationContainer.js:376)
11-13 17:48:30.736  3138  3165 E ReactNativeJS:     in NavigationContainer (at my-shopping.js:8)
11-13 17:48:30.736  3138  3165 E ReactNativeJS:     in MyShopping (at App.js:12)
11-13 17:48:30.736  3138  3165 E ReactNativeJS:     in Provider (at App.js:11)
11-13 17:48:30.736  3138  3165 E ReactNativeJS:     in App (at renderApplication.js:34)
11-13 17:48:30.736  3138  3165 E ReactNativeJS:     in RCTView (at View.js:44)
11-13 17:48:30.736  3138  3165 E ReactNativeJS:     in RCTView (at View.js:44)
11-13 17:48:30.736  3138  3165 E ReactNativeJS:     in AppContainer (at renderApplication.js:33)
11-13 17:48:30.743  3138  3165 E ReactNativeJS: TypeError: TypeError: undefined is not an object (evaluating 'props.carItems.length')
11-13 17:48:30.743  3138  3165 E ReactNativeJS: 
11-13 17:48:30.743  3138  3165 E ReactNativeJS: This error is located at:
11-13 17:48:30.743  3138  3165 E ReactNativeJS:     in ShoppingCartIcon (at withNavigation.js:22)
11-13 17:48:30.743  3138  3165 E ReactNativeJS:     in withNavigation(ShoppingCartIcon) (created by Connect(withNavigation(ShoppingCartIcon)))
11-13 17:48:30.743  3138  3165 E ReactNativeJS:     in Connect(withNavigation(ShoppingCartIcon)) (at navigator.js:19)
11-13 17:48:30.743  3138  3165 E ReactNativeJS:     in RCTView (at View.js:44)
11-13 17:48:30.743  3138  3165 E ReactNativeJS:     in AnimatedComponent (at Header.js:298)
11-13 17:48:30.743  3138  3165 E ReactNativeJS:     in RCTView (at View.js:44)
11-13 17:48:30.743  3138  3165 E ReactNativeJS:     in RCTView (at View.js:44)
11-13 17:48:30.743  3138  3165 E ReactNativeJS:     in RCTView (at View.js:44)
11-13 17:48:30.743  3138  3165 E ReactNativeJS:     in AnimatedComponent (at react-native-safe-area-view/index.js:134)
11-13 17:48:30.743  3138  3165 E ReactNativeJS:     in SafeView (at withOrientation.js:54)
11-13 17:48:30.743  3138  3165 E ReactNativeJS:     in withOrientation (at Header.js:433)
11-13 17:48:30.743  3138  3165 E ReactNativeJS:     in RCTView (at View.js:44)
11-13 17:48:30.743  3138  3165 E ReactNativeJS:     in AnimatedComponent (at Header.js:430)
11-13 17:48:30.743  3138  3165 E ReactNativeJS:     in Header (at withOrientation.js:30)
11-13 17:48:30.743  3138  3165 E ReactNativeJS:     in withOrientation (at StackViewLayout.js:129)
11-13 17:48:30.743  3138  3165 E ReactNativeJS:     in RCTView (at View.js:44)
11-13 17:48:30.743  3138  3165 E ReactNativeJS:     in RCTView (at View.js:44)
11-13 17:48:30.743  3138  3165 E ReactNativeJS:     in AnimatedComponent (at screens.native.js:58)
11-13 17:48:30.743  3138  3165 E ReactNativeJS:     in Screen (at StackViewCard.js:42)
11-13 17:48:30.743  3138  3165 E ReactNativeJS:     in Card (at createPointerEventsContainer.js:26)
11-13 17:48:30.743  3138  3165 E ReactNativeJS:     in Container (at StackViewLayout.js:507)
11-13 17:48:30.743  3138  3165 E ReactNativeJS:     in RCTView (at View.js:44)
11-13 17:48:30.743  3138  3165 E ReactNativeJS:     in ScreenContainer (at StackViewLayout.js:401)
11-13 17:48:30.743  3138  3165 E ReactNativeJS:     in RCTView (at View.js:44)
11-13 17:48:30.743  3138  3165 E ReactNativeJS:     in StackViewLayout (at withOrientation.js:30)
11-13 17:48:30.743  3138  3165 E ReactNativeJS:     in withOrientation (at StackView.js:49)
11-13 17:48:30.743  3138  3165 E ReactNativeJS:     in RCTView (at View.js:44)
11-13 17:48:30.743  3138  3165 E ReactNativeJS:     in Transitioner (at StackView.js:19)
11-13 17:48:30.743  3138  3165 E ReactNativeJS:     in StackView (at createNavigator.js:57)
11-13 17:48:30.743  3138  3165 E ReactNativeJS:     in Navigator (at createKeyboardAwareNavigator.js:11)
11-13 17:48:30.743  3138  3165 E ReactNativeJS:     in KeyboardAwareNavigator (at createNavigationContainer.js:376)
11-13 17:48:30.743  3138  3165 E ReactNativeJS:     in NavigationContainer (at my-shopping.js:8)
11-13 17:48:30.743  3138  3165 E ReactNativeJS:     in MyShopping (at App.js:12)
11-13 17:48:30.743  3138  3165 E ReactNativeJS:     in Provider (at App.js:11)
11-13 17:48:30.743  3138  3165 E ReactNativeJS:     in App (at renderApplication.js:34)
11-13 17:48:30.743  3138  3165 E ReactNativeJS:     in RCTView (at View.js:44)
11-13 17:48:30.743  3138  3165 E ReactNativeJS:     in RCTView (at View.js:44)
11-13 17:48:30.743  3138  3165 E ReactNativeJS:     in AppContainer (at renderApplication.js:33)
11-13 17:48:30.743  3138  3165 E ReactNativeJS: 
11-13 17:48:30.743  3138  3165 E ReactNativeJS: This error is located at:
11-13 17:48:30.743  3138  3165 E ReactNativeJS:     in NavigationContainer (at my-shopping.js:8)
11-13 17:48:30.743  3138  3165 E ReactNativeJS:     in MyShopping (at App.js:12)
11-13 17:48:30.743  3138  3165 E ReactNativeJS:     in Provider (at App.js:11)
11-13 17:48:30.743  3138  3165 E ReactNativeJS:     in App (at renderApplication.js:34)
11-13 17:48:30.743  3138  3165 E ReactNativeJS:     in RCTView (at View.js:44)
11-13 17:48:30.743  3138  3165 E ReactNativeJS:     in RCTView (at View.js:44)
11-13 17:48:30.743  3138  3165 E ReactNativeJS:     in AppContainer (at renderApplication.js:33)
11-13 17:48:30.746  3138  3165 E ReactNativeJS: TypeError: TypeError: undefined is not an object (evaluating 'props.carItems.length')
11-13 17:48:30.746  3138  3165 E ReactNativeJS: 
11-13 17:48:30.746  3138  3165 E ReactNativeJS: This error is located at:
11-13 17:48:30.746  3138  3165 E ReactNativeJS:     in ShoppingCartIcon (at withNavigation.js:22)
11-13 17:48:30.746  3138  3165 E ReactNativeJS:     in withNavigation(ShoppingCartIcon) (created by Connect(withNavigation(ShoppingCartIcon)))
11-13 17:48:30.746  3138  3165 E ReactNativeJS:     in Connect(withNavigation(ShoppingCartIcon)) (at navigator.js:19)
11-13 17:48:30.746  3138  3165 E ReactNativeJS:     in RCTView (at View.js:44)
11-13 17:48:30.746  3138  3165 E ReactNativeJS:     in AnimatedComponent (at Header.js:298)
11-13 17:48:30.746  3138  3165 E ReactNativeJS:     in RCTView (at View.js:44)
11-13 17:48:30.746  3138  3165 E ReactNativeJS:     in RCTView (at View.js:44)
11-13 17:48:30.746  3138  3165 E ReactNativeJS:     in RCTView (at View.js:44)
11-13 17:48:30.746  3138  3165 E ReactNativeJS:     in AnimatedComponent (at react-native-safe-area-view/index.js:134)
11-13 17:48:30.746  3138  3165 E ReactNativeJS:     in SafeView (at withOrientation.js:54)
11-13 17:48:30.746  3138  3165 E ReactNativeJS:     in withOrientation (at Header.js:433)
11-13 17:48:30.746  3138  3165 E ReactNativeJS:     in RCTView (at View.js:44)
11-13 17:48:30.746  3138  3165 E ReactNativeJS:     in AnimatedComponent (at Header.js:430)
11-13 17:48:30.746  3138  3165 E ReactNativeJS:     in Header (at withOrientation.js:30)
11-13 17:48:30.746  3138  3165 E ReactNativeJS:     in withOrientation (at StackViewLayout.js:129)
11-13 17:48:30.746  3138  3165 E ReactNativeJS:     in RCTView (at View.js:44)
11-13 17:48:30.746  3138  3165 E ReactNativeJS:     in RCTView (at View.js:44)
11-13 17:48:30.746  3138  3165 E ReactNativeJS:     in AnimatedComponent (at screens.native.js:58)
11-13 17:48:30.746  3138  3165 E ReactNativeJS:     in Screen (at StackViewCard.js:42)
11-13 17:48:30.746  3138  3165 E ReactNativeJS:     in Card (at createPointerEventsContainer.js:26)
11-13 17:48:30.746  3138  3165 E ReactNativeJS:     in Container (at StackViewLayout.js:507)
11-13 17:48:30.746  3138  3165 E ReactNativeJS:     in RCTView (at View.js:44)
11-13 17:48:30.746  3138  3165 E ReactNativeJS:     in ScreenContainer (at StackViewLayout.js:401)
11-13 17:48:30.746  3138  3165 E ReactNativeJS:     in RCTView (at View.js:44)
11-13 17:48:30.746  3138  3165 E ReactNativeJS:     in StackViewLayout (at withOrientation.js:30)
11-13 17:48:30.746  3138  3165 E ReactNativeJS:     in withOrientation (at StackView.js:49)
11-13 17:48:30.746  3138  3165 E ReactNativeJS:     in RCTView (at View.js:44)
11-13 17:48:30.746  3138  3165 E ReactNativeJS:     in Transitioner (at StackView.js:19)
11-13 17:48:30.746  3138  3165 E ReactNativeJS:     in StackView (at createNavigator.js:57)
11-13 17:48:30.746  3138  3165 E ReactNativeJS:     in Navigator (at createKeyboardAwareNavigator.js:11)
11-13 17:48:30.746  3138  3165 E ReactNativeJS:     in KeyboardAwareNavigator (at createNavigationContainer.js:376)
11-13 17:48:30.746  3138  3165 E ReactNativeJS:     in NavigationContainer (at my-shopping.js:8)
11-13 17:48:30.746  3138  3165 E ReactNativeJS:     in MyShopping (at App.js:12)
11-13 17:48:30.746  3138  3165 E ReactNativeJS:     in Provider (at App.js:11)
11-13 17:48:30.746  3138  3165 E ReactNativeJS:     in App (at renderApplication.js:34)
11-13 17:48:30.746  3138  3165 E ReactNativeJS:     in RCTView (at View.js:44)
11-13 17:48:30.746  3138  3165 E ReactNativeJS:     in RCTView (at View.js:44)
11-13 17:48:30.746  3138  3165 E ReactNativeJS:     in AppContainer (at renderApplication.js:33)
11-13 17:48:30.746  3138  3165 E ReactNativeJS: 
11-13 17:48:30.746  3138  3165 E ReactNativeJS: This error is located at:
11-13 17:48:30.746  3138  3165 E ReactNativeJS:     in NavigationContainer (at my-shopping.js:8)
11-13 17:48:30.746  3138  3165 E ReactNativeJS:     in MyShopping (at App.js:12)
11-13 17:48:30.746  3138  3165 E ReactNativeJS:     in Provider (at App.js:11)
11-13 17:48:30.746  3138  3165 E ReactNativeJS:     in App (at renderApplication.js:34)
11-13 17:48:30.746  3138  3165 E ReactNativeJS:     in RCTView (at View.js:44)
11-13 17:48:30.746  3138  3165 E ReactNativeJS:     in RCTView (at View.js:44)
11-13 17:48:30.746  3138  3165 E ReactNativeJS:     in AppContainer (at renderApplication.js:33)
11-13 18:02:31.064  3670  3670 D ReactNative: ReactInstanceManager.ctor()
11-13 18:02:31.089  3670  3670 D ReactNative: ReactInstanceManager.createReactContextInBackground()
11-13 18:02:31.089  3670  3670 D ReactNative: ReactInstanceManager.recreateReactContextInBackgroundInner()
11-13 18:02:32.014  3670  3670 D ReactNative: ReactInstanceManager.onJSBundleLoadedFromServer()
11-13 18:02:32.014  3670  3670 D ReactNative: ReactInstanceManager.recreateReactContextInBackground()
11-13 18:02:32.014  3670  3670 D ReactNative: ReactInstanceManager.runCreateReactContextOnNewThread()
11-13 18:02:32.027  3670  3694 D ReactNative: ReactInstanceManager.createReactContext()
11-13 18:02:32.076  3670  3694 D ReactNative: Initializing React Xplat Bridge.
11-13 18:02:32.078  3670  3694 D ReactNative: Initializing React Xplat Bridge before initializeBridge
11-13 18:02:32.083  3670  3694 D ReactNative: Initializing React Xplat Bridge after initializeBridge
11-13 18:02:32.083  3670  3694 D ReactNative: CatalystInstanceImpl.runJSBundle()
11-13 18:02:32.084  3670  3698 D ReactNative: ReactInstanceManager.setupReactContext()
11-13 18:02:32.084  3670  3698 D ReactNative: CatalystInstanceImpl.initialize()
11-13 18:02:32.085  3670  3698 D ReactNative: ReactInstanceManager.attachRootViewToInstance()
11-13 18:02:32.423  3670  3697 I ReactNativeJS: Running application "ReduxApp" with appParams: {"rootTag":1}. __DEV__ === true, development-level warning are ON, performance optimizations are OFF
11-13 18:02:42.831  3670  3697 E ReactNativeJS: 'Warning: Encountered two children with the same key, `%s`. Keys should be unique so that components maintain their identity across updates. Non-unique keys may cause children to be duplicated and/or omitted — the behavior is unsupported and could change in a future version.%s', '2', '\n    in RCTView (at View.js:44)\n    in RCTScrollView (at ScrollView.js:977)\n    in ScrollView (at VirtualizedList.js:1062)\n    in VirtualizedList (at FlatList.js:663)\n    in FlatList (at product-list.js:11)\n    in ProductList (at cart-screen.js:13)\n    in RCTView (at View.js:44)\n    in CartScreen (created by Connect(CartScreen))\n    in Connect(CartScreen) (at SceneView.js:9)\n    in SceneView (at StackViewLayout.js:478)\n    in RCTView (at View.js:44)\n    in RCTView (at View.js:44)\n    in RCTView (at View.js:44)\n    in AnimatedComponent (at screens.native.js:58)\n    in Screen (at StackViewCard.js:42)\n    in Card (at createPointerEventsContainer.js:26)\n    in Container (at StackViewLayout.js:507)\n    in RCTView (at View.js:44)\n    in ScreenContainer (at StackViewLayout.js:401)\n    in RCTView (at View.js:44)\n    in StackViewLayout (at withOrientation.js:30)\n    in withOrientation (at StackView.js:49)\n    in RCTView (at View.js:44)\n    in Transitioner (at StackView.js:19)\n    in StackView (at createNavigator.js:57)\n    in Navigator (at createKeyboardAwareNavigator.js:11)\n    in KeyboardAwareNavigator (at createNavigationContainer.js:376)\n    in NavigationContainer (at my-shopping.js:8)\n    in MyShopping (at App.js:12)\n    in Provider (at App.js:11)\n    in App (at renderApplication.js:34)\n    in RCTView (at View.js:44)\n    in RCTView (at View.js:44)\n    in AppContainer (at renderApplication.js:33)'
11-13 18:02:44.310  3670  3697 E ReactNativeJS: 'Warning: Encountered two children with the same key, `%s`. Keys should be unique so that components maintain their identity across updates. Non-unique keys may cause children to be duplicated and/or omitted — the behavior is unsupported and could change in a future version.%s', '2', '\n    in RCTView (at View.js:44)\n    in RCTScrollView (at ScrollView.js:977)\n    in ScrollView (at VirtualizedList.js:1062)\n    in VirtualizedList (at FlatList.js:663)\n    in FlatList (at product-list.js:11)\n    in ProductList (at cart-screen.js:13)\n    in RCTView (at View.js:44)\n    in CartScreen (created by Connect(CartScreen))\n    in Connect(CartScreen) (at SceneView.js:9)\n    in SceneView (at StackViewLayout.js:478)\n    in RCTView (at View.js:44)\n    in RCTView (at View.js:44)\n    in RCTView (at View.js:44)\n    in AnimatedComponent (at screens.native.js:58)\n    in Screen (at StackViewCard.js:42)\n    in Card (at createPointerEventsContainer.js:26)\n    in Container (at StackViewLayout.js:507)\n    in RCTView (at View.js:44)\n    in ScreenContainer (at StackViewLayout.js:401)\n    in RCTView (at View.js:44)\n    in StackViewLayout (at withOrientation.js:30)\n    in withOrientation (at StackView.js:49)\n    in RCTView (at View.js:44)\n    in Transitioner (at StackView.js:19)\n    in StackView (at createNavigator.js:57)\n    in Navigator (at createKeyboardAwareNavigator.js:11)\n    in KeyboardAwareNavigator (at createNavigationContainer.js:376)\n    in NavigationContainer (at my-shopping.js:8)\n    in MyShopping (at App.js:12)\n    in Provider (at App.js:11)\n    in App (at renderApplication.js:34)\n    in RCTView (at View.js:44)\n    in RCTView (at View.js:44)\n    in AppContainer (at renderApplication.js:33)'
11-13 18:02:54.212  3670  3697 E ReactNativeJS: 'Warning: Encountered two children with the same key, `%s`. Keys should be unique so that components maintain their identity across updates. Non-unique keys may cause children to be duplicated and/or omitted — the behavior is unsupported and could change in a future version.%s', '2', '\n    in RCTView (at View.js:44)\n    in RCTScrollView (at ScrollView.js:977)\n    in ScrollView (at VirtualizedList.js:1062)\n    in VirtualizedList (at FlatList.js:663)\n    in FlatList (at product-list.js:11)\n    in ProductList (at cart-screen.js:13)\n    in RCTView (at View.js:44)\n    in CartScreen (created by Connect(CartScreen))\n    in Connect(CartScreen) (at SceneView.js:9)\n    in SceneView (at StackViewLayout.js:478)\n    in RCTView (at View.js:44)\n    in RCTView (at View.js:44)\n    in RCTView (at View.js:44)\n    in AnimatedComponent (at screens.native.js:58)\n    in Screen (at StackViewCard.js:42)\n    in Card (at createPointerEventsContainer.js:26)\n    in Container (at StackViewLayout.js:507)\n    in RCTView (at View.js:44)\n    in ScreenContainer (at StackViewLayout.js:401)\n    in RCTView (at View.js:44)\n    in StackViewLayout (at withOrientation.js:30)\n    in withOrientation (at StackView.js:49)\n    in RCTView (at View.js:44)\n    in Transitioner (at StackView.js:19)\n    in StackView (at createNavigator.js:57)\n    in Navigator (at createKeyboardAwareNavigator.js:11)\n    in KeyboardAwareNavigator (at createNavigationContainer.js:376)\n    in NavigationContainer (at my-shopping.js:8)\n    in MyShopping (at App.js:12)\n    in Provider (at App.js:11)\n    in App (at renderApplication.js:34)\n    in RCTView (at View.js:44)\n    in RCTView (at View.js:44)\n    in AppContainer (at renderApplication.js:33)'
11-13 18:03:25.981  3670  3697 E ReactNativeJS: 'Warning: Encountered two children with the same key, `%s`. Keys should be unique so that components maintain their identity across updates. Non-unique keys may cause children to be duplicated and/or omitted — the behavior is unsupported and could change in a future version.%s', '2', '\n    in RCTView (at View.js:44)\n    in RCTScrollView (at ScrollView.js:977)\n    in ScrollView (at VirtualizedList.js:1062)\n    in VirtualizedList (at FlatList.js:663)\n    in FlatList (at product-list.js:11)\n    in ProductList (at cart-screen.js:13)\n    in RCTView (at View.js:44)\n    in CartScreen (created by Connect(CartScreen))\n    in Connect(CartScreen) (at SceneView.js:9)\n    in SceneView (at StackViewLayout.js:478)\n    in RCTView (at View.js:44)\n    in RCTView (at View.js:44)\n    in RCTView (at View.js:44)\n    in AnimatedComponent (at screens.native.js:58)\n    in Screen (at StackViewCard.js:42)\n    in Card (at createPointerEventsContainer.js:26)\n    in Container (at StackViewLayout.js:507)\n    in RCTView (at View.js:44)\n    in ScreenContainer (at StackViewLayout.js:401)\n    in RCTView (at View.js:44)\n    in StackViewLayout (at withOrientation.js:30)\n    in withOrientation (at StackView.js:49)\n    in RCTView (at View.js:44)\n    in Transitioner (at StackView.js:19)\n    in StackView (at createNavigator.js:57)\n    in Navigator (at createKeyboardAwareNavigator.js:11)\n    in KeyboardAwareNavigator (at createNavigationContainer.js:376)\n    in NavigationContainer (at my-shopping.js:8)\n    in MyShopping (at App.js:12)\n    in Provider (at App.js:11)\n    in App (at renderApplication.js:34)\n    in RCTView (at View.js:44)\n    in RCTView (at View.js:44)\n    in AppContainer (at renderApplication.js:33)'
11-13 18:32:24.137  5031  5031 D ReactNative: ReactInstanceManager.ctor()
11-13 18:32:24.157  5031  5031 D ReactNative: ReactInstanceManager.createReactContextInBackground()
11-13 18:32:24.157  5031  5031 D ReactNative: ReactInstanceManager.recreateReactContextInBackgroundInner()
11-13 18:32:24.196  5031  5031 D ReactNative: ReactInstanceManager.recreateReactContextInBackgroundFromBundleLoader()
11-13 18:32:24.196  5031  5031 D ReactNative: ReactInstanceManager.recreateReactContextInBackground()
11-13 18:32:24.197  5031  5031 D ReactNative: ReactInstanceManager.runCreateReactContextOnNewThread()
11-13 18:32:24.214  5031  5055 D ReactNative: ReactInstanceManager.createReactContext()
11-13 18:32:24.400  5031  5055 D ReactNative: Initializing React Xplat Bridge.
11-13 18:32:24.406  5031  5055 D ReactNative: Initializing React Xplat Bridge before initializeBridge
11-13 18:32:24.412  5031  5055 D ReactNative: Initializing React Xplat Bridge after initializeBridge
11-13 18:32:24.413  5031  5055 D ReactNative: CatalystInstanceImpl.runJSBundle()
11-13 18:32:24.421  5031  5059 D ReactNative: ReactInstanceManager.setupReactContext()
11-13 18:32:24.421  5031  5059 D ReactNative: CatalystInstanceImpl.initialize()
11-13 18:32:24.422  5031  5059 D ReactNative: ReactInstanceManager.attachRootViewToInstance()
11-13 18:32:24.523  5031  5058 I ReactNativeJS: Running application "SQLApp" with appParams: {"rootTag":1}. __DEV__ === false, development-level warning are OFF, performance optimizations are ON
11-13 18:33:56.559  5224  5224 D ReactNative: ReactInstanceManager.ctor()
11-13 18:33:56.573  5224  5224 D ReactNative: ReactInstanceManager.createReactContextInBackground()
11-13 18:33:56.573  5224  5224 D ReactNative: ReactInstanceManager.recreateReactContextInBackgroundInner()
11-13 18:33:56.609  5224  5224 D ReactNative: ReactInstanceManager.recreateReactContextInBackgroundFromBundleLoader()
11-13 18:33:56.609  5224  5224 D ReactNative: ReactInstanceManager.recreateReactContextInBackground()
11-13 18:33:56.609  5224  5224 D ReactNative: ReactInstanceManager.runCreateReactContextOnNewThread()
11-13 18:33:56.622  5224  5249 D ReactNative: ReactInstanceManager.createReactContext()
11-13 18:33:56.693  5224  5249 D ReactNative: Initializing React Xplat Bridge.
11-13 18:33:56.695  5224  5249 D ReactNative: Initializing React Xplat Bridge before initializeBridge
11-13 18:33:56.701  5224  5249 D ReactNative: Initializing React Xplat Bridge after initializeBridge
11-13 18:33:56.702  5224  5249 D ReactNative: CatalystInstanceImpl.runJSBundle()
11-13 18:33:56.714  5224  5253 D ReactNative: ReactInstanceManager.setupReactContext()
11-13 18:33:56.715  5224  5253 D ReactNative: CatalystInstanceImpl.initialize()
11-13 18:33:56.716  5224  5253 D ReactNative: ReactInstanceManager.attachRootViewToInstance()
11-13 18:33:56.940  5224  5252 I ReactNativeJS: Running application "SQLApp" with appParams: {"rootTag":1}. __DEV__ === false, development-level warning are OFF, performance optimizations are ON
11-13 18:34:40.953  5224  5224 D ReactNative: ReactInstanceManager.onJSBundleLoadedFromServer()
11-13 18:34:40.953  5224  5224 D ReactNative: ReactInstanceManager.recreateReactContextInBackground()
11-13 18:34:40.953  5224  5224 D ReactNative: ReactInstanceManager.runCreateReactContextOnNewThread()
11-13 18:34:40.953  5224  5224 D ReactNative: ReactInstanceManager.tearDownReactContext()
11-13 18:34:40.953  5224  5224 D ReactNative: CatalystInstanceImpl.destroy() start
11-13 18:34:40.958  5224  5284 D ReactNative: ReactInstanceManager.createReactContext()
11-13 18:34:41.009  5224  5284 D ReactNative: Initializing React Xplat Bridge.
11-13 18:34:41.009  5224  5240 D ReactNative: CatalystInstanceImpl.destroy() end
11-13 18:34:41.010  5224  5284 D ReactNative: Initializing React Xplat Bridge before initializeBridge
11-13 18:34:41.011  5224  5284 D ReactNative: Initializing React Xplat Bridge after initializeBridge
11-13 18:34:41.012  5224  5284 D ReactNative: CatalystInstanceImpl.runJSBundle()
11-13 18:34:41.012  5224  5286 D ReactNative: ReactInstanceManager.setupReactContext()
11-13 18:34:41.012  5224  5286 D ReactNative: CatalystInstanceImpl.initialize()
11-13 18:34:41.023  5224  5286 D ReactNative: ReactInstanceManager.attachRootViewToInstance()
11-13 18:34:41.274  5224  5285 I ReactNativeJS: Running application "SQLApp" with appParams: {"rootTag":11}. __DEV__ === true, development-level warning are ON, performance optimizations are OFF
11-13 18:54:38.053  5224  5224 D ReactNative: ReactInstanceManager.onJSBundleLoadedFromServer()
11-13 18:54:38.053  5224  5224 D ReactNative: ReactInstanceManager.recreateReactContextInBackground()
11-13 18:54:38.053  5224  5224 D ReactNative: ReactInstanceManager.runCreateReactContextOnNewThread()
11-13 18:54:38.053  5224  5224 D ReactNative: ReactInstanceManager.tearDownReactContext()
11-13 18:54:38.055  5224  5224 D ReactNative: CatalystInstanceImpl.destroy() start
11-13 18:54:38.061  5224  5920 D ReactNative: ReactInstanceManager.createReactContext()
11-13 18:54:38.092  5224  5920 D ReactNative: Initializing React Xplat Bridge.
11-13 18:54:38.099  5224  5251 D ReactNative: CatalystInstanceImpl.destroy() end
11-13 18:54:38.100  5224  5920 D ReactNative: Initializing React Xplat Bridge before initializeBridge
11-13 18:54:38.102  5224  5920 D ReactNative: Initializing React Xplat Bridge after initializeBridge
11-13 18:54:38.102  5224  5920 D ReactNative: CatalystInstanceImpl.runJSBundle()
11-13 18:54:38.102  5224  5922 D ReactNative: ReactInstanceManager.setupReactContext()
11-13 18:54:38.102  5224  5922 D ReactNative: CatalystInstanceImpl.initialize()
11-13 18:54:38.104  5224  5922 D ReactNative: ReactInstanceManager.attachRootViewToInstance()
11-13 18:54:38.308  5224  5921 I ReactNativeJS: Running application "SQLApp" with appParams: {"rootTag":21}. __DEV__ === true, development-level warning are ON, performance optimizations are OFF
11-13 18:54:38.327  5224  5921 I ReactNativeJS: Estableciendo la conexión
11-13 18:54:38.327  5224  5921 I ReactNativeJS: OPEN database: database-test.db
11-13 18:54:38.350  5224  5921 I ReactNativeJS: 'Success', { openargs: 
11-13 18:54:38.350  5224  5921 I ReactNativeJS:    { name: [Getter/Setter],
11-13 18:54:38.350  5224  5921 I ReactNativeJS:      location: [Getter/Setter],
11-13 18:54:38.350  5224  5921 I ReactNativeJS:      dblocation: [Getter/Setter] },
11-13 18:54:38.350  5224  5921 I ReactNativeJS:   dbname: 'database-test.db',
11-13 18:54:38.350  5224  5921 I ReactNativeJS:   openSuccess: [Function],
11-13 18:54:38.350  5224  5921 I ReactNativeJS:   openError: [Function] }
11-13 19:19:19.600  5224  5224 D ReactNative: ReactInstanceManager.onJSBundleLoadedFromServer()
11-13 19:19:19.600  5224  5224 D ReactNative: ReactInstanceManager.recreateReactContextInBackground()
11-13 19:19:19.600  5224  5224 D ReactNative: ReactInstanceManager.runCreateReactContextOnNewThread()
11-13 19:19:19.600  5224  5224 D ReactNative: ReactInstanceManager.tearDownReactContext()
11-13 19:19:19.601  5224  5224 D ReactNative: CatalystInstanceImpl.destroy() start
11-13 19:19:19.602  5224  6667 D ReactNative: ReactInstanceManager.createReactContext()
11-13 19:19:19.636  5224  6667 D ReactNative: Initializing React Xplat Bridge.
11-13 19:19:19.653  5224  5239 D ReactNative: CatalystInstanceImpl.destroy() end
11-13 19:19:19.654  5224  6667 D ReactNative: Initializing React Xplat Bridge before initializeBridge
11-13 19:19:19.658  5224  6667 D ReactNative: Initializing React Xplat Bridge after initializeBridge
11-13 19:19:19.658  5224  6667 D ReactNative: CatalystInstanceImpl.runJSBundle()
11-13 19:19:19.658  5224  6670 D ReactNative: ReactInstanceManager.setupReactContext()
11-13 19:19:19.658  5224  6670 D ReactNative: CatalystInstanceImpl.initialize()
11-13 19:19:19.659  5224  6670 D ReactNative: ReactInstanceManager.attachRootViewToInstance()
11-13 19:19:19.864  5224  6669 I ReactNativeJS: Running application "SQLApp" with appParams: {"rootTag":31}. __DEV__ === true, development-level warning are ON, performance optimizations are OFF
11-13 19:19:19.887  5224  6669 I ReactNativeJS: Estableciendo la conexión
11-13 19:19:19.888  5224  6669 I ReactNativeJS: OPEN database: database-test.db
11-13 19:19:19.896  5224  6669 I ReactNativeJS: 'Success', { openargs: 
11-13 19:19:19.896  5224  6669 I ReactNativeJS:    { name: [Getter/Setter],
11-13 19:19:19.896  5224  6669 I ReactNativeJS:      location: [Getter/Setter],
11-13 19:19:19.896  5224  6669 I ReactNativeJS:      dblocation: [Getter/Setter] },
11-13 19:19:19.896  5224  6669 I ReactNativeJS:   dbname: 'database-test.db',
11-13 19:19:19.896  5224  6669 I ReactNativeJS:   openSuccess: [Function],
11-13 19:19:19.896  5224  6669 I ReactNativeJS:   openError: [Function] }
11-13 19:27:08.782  5224  5224 D ReactNative: ReactInstanceManager.onJSBundleLoadedFromServer()
11-13 19:27:08.782  5224  5224 D ReactNative: ReactInstanceManager.recreateReactContextInBackground()
11-13 19:27:08.782  5224  5224 D ReactNative: ReactInstanceManager.runCreateReactContextOnNewThread()
11-13 19:27:08.782  5224  5224 D ReactNative: ReactInstanceManager.tearDownReactContext()
11-13 19:27:08.783  5224  5224 D ReactNative: CatalystInstanceImpl.destroy() start
11-13 19:27:08.786  5224  6911 D ReactNative: ReactInstanceManager.createReactContext()
11-13 19:27:08.814  5224  6911 D ReactNative: Initializing React Xplat Bridge.
11-13 19:27:08.819  5224  5251 D ReactNative: CatalystInstanceImpl.destroy() end
11-13 19:27:08.820  5224  6911 D ReactNative: Initializing React Xplat Bridge before initializeBridge
11-13 19:27:08.823  5224  6911 D ReactNative: Initializing React Xplat Bridge after initializeBridge
11-13 19:27:08.823  5224  6911 D ReactNative: CatalystInstanceImpl.runJSBundle()
11-13 19:27:08.823  5224  6914 D ReactNative: ReactInstanceManager.setupReactContext()
11-13 19:27:08.823  5224  6914 D ReactNative: CatalystInstanceImpl.initialize()
11-13 19:27:08.824  5224  6914 D ReactNative: ReactInstanceManager.attachRootViewToInstance()
11-13 19:27:09.034  5224  6913 I ReactNativeJS: Running application "SQLApp" with appParams: {"rootTag":41}. __DEV__ === true, development-level warning are ON, performance optimizations are OFF
11-13 19:27:09.055  5224  6913 I ReactNativeJS: Estableciendo la conexión
11-13 19:27:09.055  5224  6913 I ReactNativeJS: OPEN database: database-test.db
11-13 19:27:09.057  5224  6913 I ReactNativeJS: new transaction is waiting for open operation
11-13 19:27:09.065  5224  6913 I ReactNativeJS: 'Success', { openargs: 
11-13 19:27:09.065  5224  6913 I ReactNativeJS:    { name: [Getter/Setter],
11-13 19:27:09.065  5224  6913 I ReactNativeJS:      location: [Getter/Setter],
11-13 19:27:09.065  5224  6913 I ReactNativeJS:      dblocation: [Getter/Setter] },
11-13 19:27:09.065  5224  6913 I ReactNativeJS:   dbname: 'database-test.db',
11-13 19:27:09.065  5224  6913 I ReactNativeJS:   openSuccess: [Function],
11-13 19:27:09.065  5224  6913 I ReactNativeJS:   openError: [Function] }
11-13 19:27:42.166  5224  5224 D ReactNative: ReactInstanceManager.onJSBundleLoadedFromServer()
11-13 19:27:42.166  5224  5224 D ReactNative: ReactInstanceManager.recreateReactContextInBackground()
11-13 19:27:42.166  5224  5224 D ReactNative: ReactInstanceManager.runCreateReactContextOnNewThread()
11-13 19:27:42.166  5224  5224 D ReactNative: ReactInstanceManager.tearDownReactContext()
11-13 19:27:42.167  5224  5224 D ReactNative: CatalystInstanceImpl.destroy() start
11-13 19:27:42.169  5224  6933 D ReactNative: ReactInstanceManager.createReactContext()
11-13 19:27:42.201  5224  6933 D ReactNative: Initializing React Xplat Bridge.
11-13 19:27:42.205  5224  5239 D ReactNative: CatalystInstanceImpl.destroy() end
11-13 19:27:42.205  5224  6933 D ReactNative: Initializing React Xplat Bridge before initializeBridge
11-13 19:27:42.207  5224  6933 D ReactNative: Initializing React Xplat Bridge after initializeBridge
11-13 19:27:42.207  5224  6933 D ReactNative: CatalystInstanceImpl.runJSBundle()
11-13 19:27:42.211  5224  6935 D ReactNative: ReactInstanceManager.setupReactContext()
11-13 19:27:42.211  5224  6935 D ReactNative: CatalystInstanceImpl.initialize()
11-13 19:27:42.211  5224  6935 D ReactNative: ReactInstanceManager.attachRootViewToInstance()
11-13 19:27:42.411  5224  6934 I ReactNativeJS: Running application "SQLApp" with appParams: {"rootTag":51}. __DEV__ === true, development-level warning are ON, performance optimizations are OFF
11-13 19:27:42.430  5224  6934 I ReactNativeJS: Estableciendo la conexión
11-13 19:27:42.431  5224  6934 I ReactNativeJS: OPEN database: database-test.db
11-13 19:27:42.436  5224  6934 I ReactNativeJS: new transaction is waiting for open operation
11-13 19:27:42.441  5224  6934 I ReactNativeJS: 'Success', { openargs: 
11-13 19:27:42.441  5224  6934 I ReactNativeJS:    { name: [Getter/Setter],
11-13 19:27:42.441  5224  6934 I ReactNativeJS:      location: [Getter/Setter],
11-13 19:27:42.441  5224  6934 I ReactNativeJS:      dblocation: [Getter/Setter] },
11-13 19:27:42.441  5224  6934 I ReactNativeJS:   dbname: 'database-test.db',
11-13 19:27:42.441  5224  6934 I ReactNativeJS:   openSuccess: [Function],
11-13 19:27:42.441  5224  6934 I ReactNativeJS:   openError: [Function] }
11-13 19:28:07.708  5224  5224 D ReactNative: ReactInstanceManager.onJSBundleLoadedFromServer()
11-13 19:28:07.708  5224  5224 D ReactNative: ReactInstanceManager.recreateReactContextInBackground()
11-13 19:28:07.708  5224  5224 D ReactNative: ReactInstanceManager.runCreateReactContextOnNewThread()
11-13 19:28:07.708  5224  5224 D ReactNative: ReactInstanceManager.tearDownReactContext()
11-13 19:28:07.709  5224  5224 D ReactNative: CatalystInstanceImpl.destroy() start
11-13 19:28:07.716  5224  6950 D ReactNative: ReactInstanceManager.createReactContext()
11-13 19:28:07.743  5224  6950 D ReactNative: Initializing React Xplat Bridge.
11-13 19:28:07.747  5224  5251 D ReactNative: CatalystInstanceImpl.destroy() end
11-13 19:28:07.748  5224  6950 D ReactNative: Initializing React Xplat Bridge before initializeBridge
11-13 19:28:07.750  5224  6950 D ReactNative: Initializing React Xplat Bridge after initializeBridge
11-13 19:28:07.750  5224  6950 D ReactNative: CatalystInstanceImpl.runJSBundle()
11-13 19:28:07.751  5224  6952 D ReactNative: ReactInstanceManager.setupReactContext()
11-13 19:28:07.751  5224  6952 D ReactNative: CatalystInstanceImpl.initialize()
11-13 19:28:07.751  5224  6952 D ReactNative: ReactInstanceManager.attachRootViewToInstance()
11-13 19:28:07.955  5224  6951 I ReactNativeJS: Running application "SQLApp" with appParams: {"rootTag":61}. __DEV__ === true, development-level warning are ON, performance optimizations are OFF
11-13 19:28:07.977  5224  6951 I ReactNativeJS: Estableciendo la conexión
11-13 19:28:07.977  5224  6951 I ReactNativeJS: OPEN database: database-test.db
11-13 19:28:07.984  5224  6951 I ReactNativeJS: new transaction is waiting for open operation
11-13 19:28:07.988  5224  6951 I ReactNativeJS: 'Success', { openargs: 
11-13 19:28:07.988  5224  6951 I ReactNativeJS:    { name: [Getter/Setter],
11-13 19:28:07.988  5224  6951 I ReactNativeJS:      location: [Getter/Setter],
11-13 19:28:07.988  5224  6951 I ReactNativeJS:      dblocation: [Getter/Setter] },
11-13 19:28:07.988  5224  6951 I ReactNativeJS:   dbname: 'database-test.db',
11-13 19:28:07.988  5224  6951 I ReactNativeJS:   openSuccess: [Function],
11-13 19:28:07.988  5224  6951 I ReactNativeJS:   openError: [Function] }
11-13 19:30:01.750  5224  5224 D ReactNative: ReactInstanceManager.onJSBundleLoadedFromServer()
11-13 19:30:01.750  5224  5224 D ReactNative: ReactInstanceManager.recreateReactContextInBackground()
11-13 19:30:01.750  5224  5224 D ReactNative: ReactInstanceManager.runCreateReactContextOnNewThread()
11-13 19:30:01.750  5224  5224 D ReactNative: ReactInstanceManager.tearDownReactContext()
11-13 19:30:01.751  5224  5224 D ReactNative: CatalystInstanceImpl.destroy() start
11-13 19:30:01.752  5224  7012 D ReactNative: ReactInstanceManager.createReactContext()
11-13 19:30:01.776  5224  7012 D ReactNative: Initializing React Xplat Bridge.
11-13 19:30:01.789  5224  5239 D ReactNative: CatalystInstanceImpl.destroy() end
11-13 19:30:01.790  5224  7012 D ReactNative: Initializing React Xplat Bridge before initializeBridge
11-13 19:30:01.796  5224  7012 D ReactNative: Initializing React Xplat Bridge after initializeBridge
11-13 19:30:01.796  5224  7012 D ReactNative: CatalystInstanceImpl.runJSBundle()
11-13 19:30:01.799  5224  7015 D ReactNative: ReactInstanceManager.setupReactContext()
11-13 19:30:01.799  5224  7015 D ReactNative: CatalystInstanceImpl.initialize()
11-13 19:30:01.800  5224  7015 D ReactNative: ReactInstanceManager.attachRootViewToInstance()
11-13 19:30:02.000  5224  7014 I ReactNativeJS: Running application "SQLApp" with appParams: {"rootTag":71}. __DEV__ === true, development-level warning are ON, performance optimizations are OFF
11-13 19:30:02.019  5224  7014 I ReactNativeJS: Estableciendo la conexión
11-13 19:30:02.019  5224  7014 I ReactNativeJS: OPEN database: database-test.db
11-13 19:30:02.028  5224  7014 I ReactNativeJS: 'Success', { openargs: 
11-13 19:30:02.028  5224  7014 I ReactNativeJS:    { name: [Getter/Setter],
11-13 19:30:02.028  5224  7014 I ReactNativeJS:      location: [Getter/Setter],
11-13 19:30:02.028  5224  7014 I ReactNativeJS:      dblocation: [Getter/Setter] },
11-13 19:30:02.028  5224  7014 I ReactNativeJS:   dbname: 'database-test.db',
11-13 19:30:02.028  5224  7014 I ReactNativeJS:   openSuccess: [Function],
11-13 19:30:02.028  5224  7014 I ReactNativeJS:   openError: [Function] }
11-13 19:30:32.993  5224  5224 D ReactNative: ReactInstanceManager.onJSBundleLoadedFromServer()
11-13 19:30:32.993  5224  5224 D ReactNative: ReactInstanceManager.recreateReactContextInBackground()
11-13 19:30:32.993  5224  5224 D ReactNative: ReactInstanceManager.runCreateReactContextOnNewThread()
11-13 19:30:32.993  5224  5224 D ReactNative: ReactInstanceManager.tearDownReactContext()
11-13 19:30:32.995  5224  5224 D ReactNative: CatalystInstanceImpl.destroy() start
11-13 19:30:32.997  5224  7034 D ReactNative: ReactInstanceManager.createReactContext()
11-13 19:30:33.044  5224  7034 D ReactNative: Initializing React Xplat Bridge.
11-13 19:30:33.052  5224  5251 D ReactNative: CatalystInstanceImpl.destroy() end
11-13 19:30:33.052  5224  7034 D ReactNative: Initializing React Xplat Bridge before initializeBridge
11-13 19:30:33.055  5224  7034 D ReactNative: Initializing React Xplat Bridge after initializeBridge
11-13 19:30:33.055  5224  7034 D ReactNative: CatalystInstanceImpl.runJSBundle()
11-13 19:30:33.055  5224  7036 D ReactNative: ReactInstanceManager.setupReactContext()
11-13 19:30:33.055  5224  7036 D ReactNative: CatalystInstanceImpl.initialize()
11-13 19:30:33.056  5224  7036 D ReactNative: ReactInstanceManager.attachRootViewToInstance()
11-13 19:30:33.259  5224  7035 I ReactNativeJS: Running application "SQLApp" with appParams: {"rootTag":81}. __DEV__ === true, development-level warning are ON, performance optimizations are OFF
11-13 19:30:33.279  5224  7035 I ReactNativeJS: Estableciendo la conexión
11-13 19:30:33.279  5224  7035 I ReactNativeJS: OPEN database: database-test.db
11-13 19:30:33.288  5224  7035 I ReactNativeJS: Success!!!
11-13 19:30:33.288  5224  7035 I ReactNativeJS: Transaction!!!
11-13 19:31:01.904  5224  5224 D ReactNative: ReactInstanceManager.onJSBundleLoadedFromServer()
11-13 19:31:01.904  5224  5224 D ReactNative: ReactInstanceManager.recreateReactContextInBackground()
11-13 19:31:01.904  5224  5224 D ReactNative: ReactInstanceManager.runCreateReactContextOnNewThread()
11-13 19:31:01.904  5224  5224 D ReactNative: ReactInstanceManager.tearDownReactContext()
11-13 19:31:01.905  5224  5224 D ReactNative: CatalystInstanceImpl.destroy() start
11-13 19:31:01.906  5224  7053 D ReactNative: ReactInstanceManager.createReactContext()
11-13 19:31:01.937  5224  7053 D ReactNative: Initializing React Xplat Bridge.
11-13 19:31:01.943  5224  7053 D ReactNative: Initializing React Xplat Bridge before initializeBridge
11-13 19:31:01.962  5224  7053 D ReactNative: Initializing React Xplat Bridge after initializeBridge
11-13 19:31:01.962  5224  7053 D ReactNative: CatalystInstanceImpl.runJSBundle()
11-13 19:31:01.963  5224  7055 D ReactNative: ReactInstanceManager.setupReactContext()
11-13 19:31:01.963  5224  7055 D ReactNative: CatalystInstanceImpl.initialize()
11-13 19:31:01.963  5224  5239 D ReactNative: CatalystInstanceImpl.destroy() end
11-13 19:31:01.963  5224  7055 D ReactNative: ReactInstanceManager.attachRootViewToInstance()
11-13 19:31:02.173  5224  7054 I ReactNativeJS: Running application "SQLApp" with appParams: {"rootTag":91}. __DEV__ === true, development-level warning are ON, performance optimizations are OFF
11-13 19:31:02.193  5224  7054 I ReactNativeJS: Estableciendo la conexión
11-13 19:31:02.193  5224  7054 I ReactNativeJS: OPEN database: database-test.db
11-13 19:31:02.200  5224  7054 I ReactNativeJS: Success!!!
11-13 19:31:02.200  5224  7054 I ReactNativeJS: Transaction!!!
11-13 19:32:15.171  5224  5224 D ReactNative: ReactInstanceManager.onJSBundleLoadedFromServer()
11-13 19:32:15.171  5224  5224 D ReactNative: ReactInstanceManager.recreateReactContextInBackground()
11-13 19:32:15.171  5224  5224 D ReactNative: ReactInstanceManager.runCreateReactContextOnNewThread()
11-13 19:32:15.171  5224  5224 D ReactNative: ReactInstanceManager.tearDownReactContext()
11-13 19:32:15.173  5224  5224 D ReactNative: CatalystInstanceImpl.destroy() start
11-13 19:32:15.173  5224  7095 D ReactNative: ReactInstanceManager.createReactContext()
11-13 19:32:15.206  5224  7095 D ReactNative: Initializing React Xplat Bridge.
11-13 19:32:15.212  5224  5251 D ReactNative: CatalystInstanceImpl.destroy() end
11-13 19:32:15.213  5224  7095 D ReactNative: Initializing React Xplat Bridge before initializeBridge
11-13 19:32:15.218  5224  7095 D ReactNative: Initializing React Xplat Bridge after initializeBridge
11-13 19:32:15.219  5224  7095 D ReactNative: CatalystInstanceImpl.runJSBundle()
11-13 19:32:15.219  5224  7098 D ReactNative: ReactInstanceManager.setupReactContext()
11-13 19:32:15.219  5224  7098 D ReactNative: CatalystInstanceImpl.initialize()
11-13 19:32:15.220  5224  7098 D ReactNative: ReactInstanceManager.attachRootViewToInstance()
11-13 19:32:15.427  5224  7097 I ReactNativeJS: Running application "SQLApp" with appParams: {"rootTag":101}. __DEV__ === true, development-level warning are ON, performance optimizations are OFF
11-13 19:32:15.447  5224  7097 I ReactNativeJS: Estableciendo la conexión
11-13 19:32:15.447  5224  7097 I ReactNativeJS: OPEN database: database-test.db
11-13 19:32:15.456  5224  7097 I ReactNativeJS: Success!!!
11-13 19:32:15.457  5224  7097 I ReactNativeJS: Transaction!!!
11-13 19:33:05.962  5224  5224 D ReactNative: ReactInstanceManager.onJSBundleLoadedFromServer()
11-13 19:33:05.962  5224  5224 D ReactNative: ReactInstanceManager.recreateReactContextInBackground()
11-13 19:33:05.962  5224  5224 D ReactNative: ReactInstanceManager.runCreateReactContextOnNewThread()
11-13 19:33:05.962  5224  5224 D ReactNative: ReactInstanceManager.tearDownReactContext()
11-13 19:33:05.963  5224  5224 D ReactNative: CatalystInstanceImpl.destroy() start
11-13 19:33:05.966  5224  7126 D ReactNative: ReactInstanceManager.createReactContext()
11-13 19:33:06.015  5224  7126 D ReactNative: Initializing React Xplat Bridge.
11-13 19:33:06.022  5224  7126 D ReactNative: Initializing React Xplat Bridge before initializeBridge
11-13 19:33:06.025  5224  7126 D ReactNative: Initializing React Xplat Bridge after initializeBridge
11-13 19:33:06.025  5224  7126 D ReactNative: CatalystInstanceImpl.runJSBundle()
11-13 19:33:06.026  5224  7128 D ReactNative: ReactInstanceManager.setupReactContext()
11-13 19:33:06.026  5224  7128 D ReactNative: CatalystInstanceImpl.initialize()
11-13 19:33:06.028  5224  7128 D ReactNative: ReactInstanceManager.attachRootViewToInstance()
11-13 19:33:06.033  5224  5239 D ReactNative: CatalystInstanceImpl.destroy() end
11-13 19:33:06.247  5224  7127 I ReactNativeJS: Running application "SQLApp" with appParams: {"rootTag":111}. __DEV__ === true, development-level warning are ON, performance optimizations are OFF
11-13 19:33:06.269  5224  7127 I ReactNativeJS: Estableciendo la conexión
11-13 19:33:06.269  5224  7127 I ReactNativeJS: OPEN database: database-test.db
11-13 19:33:06.280  5224  7127 I ReactNativeJS: Success!!!
11-13 19:33:06.281  5224  7127 I ReactNativeJS: 'Transaction!!! ', { db: 
11-13 19:33:06.281  5224  7127 I ReactNativeJS:    { openargs: 
11-13 19:33:06.281  5224  7127 I ReactNativeJS:       { name: [Getter/Setter],
11-13 19:33:06.281  5224  7127 I ReactNativeJS:         location: [Getter/Setter],
11-13 19:33:06.281  5224  7127 I ReactNativeJS:         dblocation: [Getter/Setter] },
11-13 19:33:06.281  5224  7127 I ReactNativeJS:      dbname: 'database-test.db',
11-13 19:33:06.281  5224  7127 I ReactNativeJS:      openSuccess: [Function],
11-13 19:33:06.281  5224  7127 I ReactNativeJS:      openError: [Function] },
11-13 19:33:06.281  5224  7127 I ReactNativeJS:   fn: [Function],
11-13 19:33:06.281  5224  7127 I ReactNativeJS:   error: undefined,
11-13 19:33:06.281  5224  7127 I ReactNativeJS:   success: undefined,
11-13 19:33:06.281  5224  7127 I ReactNativeJS:   txlock: true,
11-13 19:33:06.281  5224  7127 I ReactNativeJS:   readOnly: false,
11-13 19:33:06.281  5224  7127 I ReactNativeJS:   executes: [ { success: null, error: [Function], sql: 'BEGIN', params: [] } ] }
11-13 19:34:49.313  5224  5224 D ReactNative: ReactInstanceManager.onJSBundleLoadedFromServer()
11-13 19:34:49.313  5224  5224 D ReactNative: ReactInstanceManager.recreateReactContextInBackground()
11-13 19:34:49.313  5224  5224 D ReactNative: ReactInstanceManager.runCreateReactContextOnNewThread()
11-13 19:34:49.313  5224  5224 D ReactNative: ReactInstanceManager.tearDownReactContext()
11-13 19:34:49.314  5224  5224 D ReactNative: CatalystInstanceImpl.destroy() start
11-13 19:34:49.315  5224  7183 D ReactNative: ReactInstanceManager.createReactContext()
11-13 19:34:49.355  5224  7183 D ReactNative: Initializing React Xplat Bridge.
11-13 19:34:49.367  5224  7183 D ReactNative: Initializing React Xplat Bridge before initializeBridge
11-13 19:34:49.381  5224  7183 D ReactNative: Initializing React Xplat Bridge after initializeBridge
11-13 19:34:49.381  5224  7183 D ReactNative: CatalystInstanceImpl.runJSBundle()
11-13 19:34:49.381  5224  7185 D ReactNative: ReactInstanceManager.setupReactContext()
11-13 19:34:49.381  5224  7185 D ReactNative: CatalystInstanceImpl.initialize()
11-13 19:34:49.387  5224  7185 D ReactNative: ReactInstanceManager.attachRootViewToInstance()
11-13 19:34:49.393  5224  5251 D ReactNative: CatalystInstanceImpl.destroy() end
11-13 19:34:49.585  5224  7184 I ReactNativeJS: Running application "SQLApp" with appParams: {"rootTag":121}. __DEV__ === true, development-level warning are ON, performance optimizations are OFF
